<!doctype html>
<html lang="en">
<head>
	<meta charset="UTF-8">
	<title>Document</title>
</head>
<body>

    <!--MYSCRIPTS-->
    <script src="prefix_folder/fixtures/js/123.js"></script>
    <script src="prefix_folder/fixtures/js/excluded/test_exclude.js"></script>
    <script src="prefix_folder/fixtures/js/test.js"></script>
    <script src="prefix_folder/fixtures/js/testing.js"></script>
    <!--MYSCRIPTS END-->

</body>
</html>
