<!doctype html>
<html lang="en">
<head>
	<meta charset="UTF-8">
	<title>Document</title>
</head>
<body>

<!--SCRIPTS END-->

<!--SCRIPTS-->
<script src="test/fixtures/js/123.js"></script>
<script src="test/fixtures/js/excluded/test_exclude.js"></script>
<script src="test/fixtures/js/test.js"></script>
<script src="test/fixtures/js/testing.js"></script>
<!--SCRIPTS END-->

<!--SCRIPTS END-->
</body>
</html>
